function f():
⇨pass

⇦def g():
⇨if x < 1:
⇨x = 3
print(x)
⇦else:
⇨return 'z'

⇦⇦f()
