def one():
⇨def two():
⇨def three():
⇨return
def four(): return
def five():
⇨def six():
⇨return
⇦return

⇦return
⇦def seven():
⇨return
if (true):
⇨if (true):
⇨if (true):
⇨return

⇦⇦⇦⇦⇦while false:
⇨return
⇦⇦
